// Jest Snapshot v1, https://goo.gl/fbAQLP

exports[`should take a snapshot 1`] = `
<DocumentFragment>
  <div
    style="background-image: url(image2.jpg); display: flex; width: 100%; height: 100vh; flex-direction: column; justify-content: center; align-items: center;"
  >
    <div
      style="width: 40%; height: 50%; border-radius: 6px; display: flex; align-items: center; flex-direction: column; justify-content: space-around; background-color: white;"
    >
      <h1
        style="font-family: serif;"
      >
        Welcome to Book Exchange App!
      </h1>
      <input
        placeholder="Emai Id"
        style="width: 60%; height: 30px; font-weight: bold;"
      />
      <input
        placeholder="Password"
        style="width: 60%; height: 30px; font-weight: bold;"
        type="password"
      />
      <div
        style="display: flex; flex-direction: row; justify-content: space-around; align-items: center; width: 60%;"
      >
        <button
          style="width: 100px; height: 30px; border-radius: 5px; font-weight: bold; background-color: rgb(37, 142, 166); font-family: serif;"
        >
          Sign In
        </button>
        <button
          style="width: 100px; height: 30px; border-radius: 5px; font-weight: bold; background-color: rgb(37, 142, 166); font-family: serif;"
        >
          Sign Up
        </button>
        <a
          href="/pass_req"
          style="color: black; cursor: pointer; font-weight: bold; font-family: serif;"
        >
          Forget Password?
        </a>
      </div>
    </div>
  </div>
</DocumentFragment>
`;
